
> frontend@0.1.0 build
> next build

  Γû▓ Next.js 14.2.35

   Creating an optimized production build ...
 Γ£ô Compiled successfully
   Linting and checking validity of types ...
node.exe : 
At line:1 char:1
+ & "D:\/node.exe" "D:\/no
de_modules/npm/bin/npm-cli
.js" run build
+ ~~~~~~~~~~~~~~~~~~~~~~~~
~~~~~~~~~~~~~~~~~~~~~~~~~~
~~~~~~~~~~~~~~
    + CategoryInfo        
      : NotSpecified: (:  
  String) [], RemoteExc   
 eption
    + FullyQualifiedError 
   Id : NativeCommandErr  
  or
 
Failed to compile.

./src/features/pos/AdminBa
ckoffice.tsx
9:11  Error: 'view' is 
assigned a value but 
never used.  @typescript-e
slint/no-unused-vars

./src/features/pos/Custome
rStorefront.tsx
5:20  Error: 
'ShoppingCart' is defined 
but never used.  @typescri
pt-eslint/no-unused-vars

./src/features/pos/OrderQu
eue.tsx
6:31  Error: 
'ChevronRight' is defined 
but never used.  @typescri
pt-eslint/no-unused-vars
6:45  Error: 'Package' is 
defined but never used.  @
typescript-eslint/no-unuse
d-vars

./src/features/pos/Product
Modal.tsx
4:33  Error: 'AddOn' is 
defined but never used.  @
typescript-eslint/no-unuse
d-vars

./src/store/StoreContext.t
sx
4:43  Error: 
'MOCK_ADDONS' is defined 
but never used.  @typescri
pt-eslint/no-unused-vars
4:56  Error: 'MOCK_MENU' 
is defined but never 
used.  @typescript-eslint/
no-unused-vars

info  - Need to disable 
some ESLint rules? Learn 
more here: https://nextjs.
org/docs/basic-features/es
lint#disabling-rules
